#! /opt/homebrew/Cellar/icarus-verilog/13.0/bin/vvp
:ivl_version "13.0 (stable)" "(v13_0)";
:ivl_delay_selection "TYPICAL";
:vpi_time_precision - 12;
:vpi_module "/opt/homebrew/Cellar/icarus-verilog/13.0/lib/ivl/system.vpi";
:vpi_module "/opt/homebrew/Cellar/icarus-verilog/13.0/lib/ivl/vhdl_sys.vpi";
:vpi_module "/opt/homebrew/Cellar/icarus-verilog/13.0/lib/ivl/vhdl_textio.vpi";
:vpi_module "/opt/homebrew/Cellar/icarus-verilog/13.0/lib/ivl/v2005_math.vpi";
:vpi_module "/opt/homebrew/Cellar/icarus-verilog/13.0/lib/ivl/va_math.vpi";
S_0x104a2bfa0 .scope module, "serial_to_parallel_tb" "serial_to_parallel_tb" 2 3;
 .timescale -9 -12;
v0x104a32320_0 .var "clk", 0 0;
v0x104a323c0_0 .net "parallel_out", 3 0, v0x104a2da60_0;  1 drivers
v0x104a32460_0 .var "reset", 0 0;
v0x104a32500_0 .var "serial_in", 0 0;
S_0x104a2c120 .scope module, "uut" "serial_to_parallel" 2 11, 3 1 0, S_0x104a2bfa0;
 .timescale 0 0;
    .port_info 0 /INPUT 1 "clk";
    .port_info 1 /INPUT 1 "reset";
    .port_info 2 /INPUT 1 "serial_in";
    .port_info 3 /OUTPUT 4 "parallel_out";
v0x104a2d9c0_0 .net "clk", 0 0, v0x104a32320_0;  1 drivers
v0x104a2da60_0 .var "parallel_out", 3 0;
v0x104a321e0_0 .net "reset", 0 0, v0x104a32460_0;  1 drivers
v0x104a32280_0 .net "serial_in", 0 0, v0x104a32500_0;  1 drivers
E_0x985000100 .event posedge, v0x104a321e0_0, v0x104a2d9c0_0;
    .scope S_0x104a2c120;
T_0 ;
    %wait E_0x985000100;
    %load/vec4 v0x104a321e0_0;
    %flag_set/vec4 8;
    %jmp/0xz  T_0.0, 8;
    %pushi/vec4 0, 0, 4;
    %assign/vec4 v0x104a2da60_0, 0;
    %jmp T_0.1;
T_0.0 ;
    %load/vec4 v0x104a2da60_0;
    %parti/s 3, 0, 2;
    %load/vec4 v0x104a32280_0;
    %concat/vec4; draw_concat_vec4
    %assign/vec4 v0x104a2da60_0, 0;
T_0.1 ;
    %jmp T_0;
    .thread T_0;
    .scope S_0x104a2bfa0;
T_1 ;
    %vpi_call 2 19 "$dumpfile", "wave.vcd" {0 0 0};
    %vpi_call 2 20 "$dumpvars", 32'sb00000000000000000000000000000000, S_0x104a2bfa0 {0 0 0};
    %pushi/vec4 0, 0, 1;
    %store/vec4 v0x104a32320_0, 0, 1;
    %pushi/vec4 1, 0, 1;
    %store/vec4 v0x104a32460_0, 0, 1;
    %pushi/vec4 0, 0, 1;
    %store/vec4 v0x104a32500_0, 0, 1;
    %delay 10000, 0;
    %pushi/vec4 0, 0, 1;
    %store/vec4 v0x104a32460_0, 0, 1;
    %delay 10000, 0;
    %pushi/vec4 1, 0, 1;
    %store/vec4 v0x104a32500_0, 0, 1;
    %delay 10000, 0;
    %pushi/vec4 0, 0, 1;
    %store/vec4 v0x104a32500_0, 0, 1;
    %delay 10000, 0;
    %pushi/vec4 1, 0, 1;
    %store/vec4 v0x104a32500_0, 0, 1;
    %delay 10000, 0;
    %pushi/vec4 1, 0, 1;
    %store/vec4 v0x104a32500_0, 0, 1;
    %delay 40000, 0;
    %vpi_call 2 33 "$finish" {0 0 0};
    %end;
    .thread T_1;
    .scope S_0x104a2bfa0;
T_2 ;
    %delay 5000, 0;
    %load/vec4 v0x104a32320_0;
    %inv;
    %store/vec4 v0x104a32320_0, 0, 1;
    %jmp T_2;
    .thread T_2;
# The file index is used to find the file name in the following table.
:file_names 4;
    "N/A";
    "<interactive>";
    "../tb/serial_to_parallel_tb.v";
    "../src/serial_to_parallel.v";
